%!Adobe-FontList 1.24
%Locale:0x40c

%BeginFont
Handler:DirectoryHandler
FontType:Type1
FontName:FontAwesome5Free-Solid
FamilyName:Font Awesome 5 Free
StyleName:Solid
FullName:Font Awesome 5 Free Solid
MenuName:Font Awesome 5 Free Solid
StyleBits:0
WritingScript:Roman
OutlineFileName:\\cned.org\dg\MAC-Ressources\SupConcours\PAO\CHARTE 2025\Document fonts\Font Awesome 5 Free-Solid-900.otf
DataFormat:sfntData
UsesStandardEncoding:yes
isCFF:yes
hasSVG:no
hasCOLR:no
VariableFontType:NonVariableFont
FileLength:591768
FileModTime:1763379630
WeightClass:900
WidthClass:5
AngleClass:0
NameArray:0,Mac,18,Font Awesome 5 Free Solid
NameArray:0,Mac,4,Font Awesome 5 Free Solid
NameArray:0,Win,1,Font Awesome 5 Free Solid
NameArray:0,Win,16,Font Awesome 5 Free
%EndFont

%BeginFont
Handler:DirectoryHandler
FontType:Type1
FontName:MinionPro-Regular
FamilyName:Minion Pro
StyleName:Regular
FullName:Minion Pro
MenuName:Minion Pro
StyleBits:0
WritingScript:Roman
OutlineFileName:\\cned.org\dg\MAC-Ressources\SupConcours\PAO\CHARTE 2025\Document fonts\MinionPro-Regular.otf
DataFormat:sfntData
UsesStandardEncoding:yes
isCFF:yes
hasSVG:no
hasCOLR:no
VariableFontType:NonVariableFont
FileLength:218640
FileModTime:1763379641
WeightClass:400
WidthClass:5
AngleClass:0
DesignSize:110
NameArray:0,Mac,4,Minion Pro
NameArray:0,Win,1,Minion Pro
%EndFont

%BeginFont
Handler:DirectoryHandler
FontType:TrueType
FontName:Roboto-Bold
FamilyName:Roboto
StyleName:Bold
FullName:Roboto Bold
MenuName:Roboto
StyleBits:2
WritingScript:Roman
OutlineFileName:\\cned.org\dg\MAC-Ressources\SupConcours\PAO\CHARTE 2025\Document fonts\Roboto-Bold.ttf
DataFormat:sfntData
hasSVG:no
hasCOLR:no
VariableFontType:NonVariableFont
FileLength:163448
FileModTime:1763379654
WeightClass:700
WidthClass:5
AngleClass:0
NameArray:0,Mac,18,Roboto Bold
NameArray:0,Mac,4,Roboto Bold
NameArray:0,Win,1,Roboto
%EndFont

%BeginFont
Handler:DirectoryHandler
FontType:TrueType
FontName:Roboto-BoldCondensed
FamilyName:Roboto
StyleName:Bold Condensed
FullName:Roboto Bold Condensed
MenuName:Roboto Cn
StyleBits:2
WritingScript:Roman
OutlineFileName:\\cned.org\dg\MAC-Ressources\SupConcours\PAO\CHARTE 2025\Document fonts\Roboto-BoldCondensed.ttf
DataFormat:sfntData
hasSVG:no
hasCOLR:no
VariableFontType:NonVariableFont
FileLength:161308
FileModTime:1763379664
WeightClass:700
WidthClass:3
AngleClass:0
NameArray:0,Mac,18,Roboto Bold Condensed
NameArray:0,Mac,4,Roboto Bold Condensed
NameArray:0,Win,1,Roboto Cn
NameArray:0,Win,16,Roboto
%EndFont

%BeginFont
Handler:DirectoryHandler
FontType:TrueType
FontName:Roboto-BoldCondensedItalic
FamilyName:Roboto
StyleName:Bold Condensed Italic
FullName:Roboto Bold Condensed Italic
MenuName:Roboto Cn
StyleBits:3
WritingScript:Roman
OutlineFileName:\\cned.org\dg\MAC-Ressources\SupConcours\PAO\CHARTE 2025\Document fonts\Roboto-BoldCondensedItalic.ttf
DataFormat:sfntData
hasSVG:no
hasCOLR:no
VariableFontType:NonVariableFont
FileLength:163584
FileModTime:1763379674
WeightClass:700
WidthClass:3
AngleClass:0
NameArray:0,Mac,18,Roboto Bold Condensed Italic
NameArray:0,Mac,4,Roboto Bold Condensed Italic
NameArray:0,Win,1,Roboto Cn
NameArray:0,Win,16,Roboto
%EndFont

%BeginFont
Handler:DirectoryHandler
FontType:TrueType
FontName:Roboto-BoldItalic
FamilyName:Roboto
StyleName:Bold Italic
FullName:Roboto Bold Italic
MenuName:Roboto
StyleBits:3
WritingScript:Roman
OutlineFileName:\\cned.org\dg\MAC-Ressources\SupConcours\PAO\CHARTE 2025\Document fonts\Roboto-BoldItalic.ttf
DataFormat:sfntData
hasSVG:no
hasCOLR:no
VariableFontType:NonVariableFont
FileLength:165864
FileModTime:1763379685
WeightClass:700
WidthClass:5
AngleClass:0
NameArray:0,Mac,18,Roboto Bold Italic
NameArray:0,Mac,4,Roboto Bold Italic
NameArray:0,Win,1,Roboto
%EndFont

%BeginFont
Handler:DirectoryHandler
FontType:TrueType
FontName:Roboto-Condensed
FamilyName:Roboto
StyleName:Condensed
FullName:Roboto Condensed
MenuName:Roboto Cn
StyleBits:0
WritingScript:Roman
OutlineFileName:\\cned.org\dg\MAC-Ressources\SupConcours\PAO\CHARTE 2025\Document fonts\Roboto-Condensed.ttf
DataFormat:sfntData
hasSVG:no
hasCOLR:no
VariableFontType:NonVariableFont
FileLength:158284
FileModTime:1763379695
WeightClass:400
WidthClass:3
AngleClass:0
NameArray:0,Mac,18,Roboto Condensed
NameArray:0,Mac,4,Roboto Condensed
NameArray:0,Win,1,Roboto Cn
NameArray:0,Win,16,Roboto
%EndFont

%BeginFont
Handler:DirectoryHandler
FontType:TrueType
FontName:Roboto-CondensedItalic
FamilyName:Roboto
StyleName:Condensed Italic
FullName:Roboto Condensed Italic
MenuName:Roboto Cn
StyleBits:1
WritingScript:Roman
OutlineFileName:\\cned.org\dg\MAC-Ressources\SupConcours\PAO\CHARTE 2025\Document fonts\Roboto-CondensedItalic.ttf
DataFormat:sfntData
hasSVG:no
hasCOLR:no
VariableFontType:NonVariableFont
FileLength:161792
FileModTime:1763379704
WeightClass:400
WidthClass:3
AngleClass:0
NameArray:0,Mac,18,Roboto Condensed Italic
NameArray:0,Mac,4,Roboto Condensed Italic
NameArray:0,Win,1,Roboto Cn
NameArray:0,Win,16,Roboto
%EndFont

%BeginFont
Handler:DirectoryHandler
FontType:TrueType
FontName:Roboto-Italic
FamilyName:Roboto
StyleName:Italic
FullName:Roboto Italic
MenuName:Roboto
StyleBits:1
WritingScript:Roman
OutlineFileName:\\cned.org\dg\MAC-Ressources\SupConcours\PAO\CHARTE 2025\Document fonts\Roboto-Italic.ttf
DataFormat:sfntData
hasSVG:no
hasCOLR:no
VariableFontType:NonVariableFont
FileLength:160736
FileModTime:1763379714
WeightClass:400
WidthClass:5
AngleClass:0
NameArray:0,Mac,18,Roboto Italic
NameArray:0,Mac,4,Roboto Italic
NameArray:0,Win,1,Roboto
%EndFont

%BeginFont
Handler:DirectoryHandler
FontType:TrueType
FontName:Roboto-Light
FamilyName:Roboto
StyleName:Light
FullName:Roboto Light
MenuName:Roboto Lt
StyleBits:0
WritingScript:Roman
OutlineFileName:\\cned.org\dg\MAC-Ressources\SupConcours\PAO\CHARTE 2025\Document fonts\Roboto-Light.ttf
DataFormat:sfntData
hasSVG:no
hasCOLR:no
VariableFontType:NonVariableFont
FileLength:162636
FileModTime:1763379725
WeightClass:300
WidthClass:5
AngleClass:0
NameArray:0,Mac,18,Roboto Light
NameArray:0,Mac,4,Roboto Light
NameArray:0,Win,1,Roboto Lt
NameArray:0,Win,16,Roboto
%EndFont

%BeginFont
Handler:DirectoryHandler
FontType:TrueType
FontName:Roboto-Medium
FamilyName:Roboto
StyleName:Medium
FullName:Roboto Medium
MenuName:Roboto Lt
StyleBits:0
WritingScript:Roman
OutlineFileName:\\cned.org\dg\MAC-Ressources\SupConcours\PAO\CHARTE 2025\Document fonts\Roboto-Medium.ttf
DataFormat:sfntData
hasSVG:no
hasCOLR:no
VariableFontType:NonVariableFont
FileLength:160696
FileModTime:1763379734
WeightClass:500
WidthClass:5
AngleClass:0
NameArray:0,Mac,18,Roboto Medium
NameArray:0,Mac,4,Roboto Medium
NameArray:0,Win,1,Roboto Lt
NameArray:0,Win,16,Roboto
%EndFont

%BeginFont
Handler:DirectoryHandler
FontType:TrueType
FontName:Roboto-MediumItalic
FamilyName:Roboto
StyleName:Medium Italic
FullName:Roboto Medium Italic
MenuName:Roboto Lt
StyleBits:3
WritingScript:Roman
OutlineFileName:\\cned.org\dg\MAC-Ressources\SupConcours\PAO\CHARTE 2025\Document fonts\Roboto-MediumItalic.ttf
DataFormat:sfntData
hasSVG:no
hasCOLR:no
VariableFontType:NonVariableFont
FileLength:163940
FileModTime:1763379743
WeightClass:500
WidthClass:5
AngleClass:0
NameArray:0,Mac,18,Roboto Medium Italic
NameArray:0,Mac,4,Roboto Medium Italic
NameArray:0,Win,1,Roboto Lt
NameArray:0,Win,16,Roboto
%EndFont

%BeginFont
Handler:DirectoryHandler
FontType:TrueType
FontName:Roboto-Regular
FamilyName:Roboto
StyleName:Regular
FullName:Roboto
MenuName:Roboto
StyleBits:0
WritingScript:Roman
OutlineFileName:\\cned.org\dg\MAC-Ressources\SupConcours\PAO\CHARTE 2025\Document fonts\Roboto-Regular.ttf
DataFormat:sfntData
hasSVG:no
hasCOLR:no
VariableFontType:NonVariableFont
FileLength:168260
FileModTime:1763379753
WeightClass:400
WidthClass:5
AngleClass:0
NameArray:0,Win,1,Roboto
%EndFont

%BeginFont
Handler:DirectoryHandler
FontType:Type1
FontName:STIXTwoMath
FamilyName:STIX Two Math
StyleName:Regular
FullName:STIX Two Math
MenuName:STIX Two Math
StyleBits:0
WritingScript:Roman
OutlineFileName:\\cned.org\dg\MAC-Ressources\SupConcours\PAO\CHARTE 2025\Document fonts\STIX2Math.otf
DataFormat:sfntData
UsesStandardEncoding:no
isCFF:yes
hasSVG:no
hasCOLR:no
VariableFontType:NonVariableFont
FileLength:755584
FileModTime:1763379772
WeightClass:400
WidthClass:5
AngleClass:0
NameArray:0,Mac,4,STIX Two Math
NameArray:0,Win,1,STIX Two Math
%EndFont

%BeginFont
Handler:DirectoryHandler
FontType:Type1
FontName:STIXTwoText
FamilyName:STIX Two Text
StyleName:Regular
FullName:STIX Two Text
MenuName:STIX Two Text
StyleBits:0
WritingScript:Roman
OutlineFileName:\\cned.org\dg\MAC-Ressources\SupConcours\PAO\CHARTE 2025\Document fonts\STIX2Text-Regular.otf
DataFormat:sfntData
UsesStandardEncoding:no
isCFF:yes
hasSVG:no
hasCOLR:no
VariableFontType:NonVariableFont
FileLength:398968
FileModTime:1763379782
WeightClass:400
WidthClass:5
AngleClass:0
NameArray:0,Mac,4,STIX Two Text
NameArray:0,Win,1,STIX Two Text
%EndFont

%BeginFont
Handler:DirectoryHandler
FontType:Type1
FontName:SourceCodeVariable-Roman
FamilyName:Source Code Variable
StyleName:Roman
FullName:Source Code Variable
MenuName:Source Code Variable
FamilyPrefix:SourceCodeRoman
StyleBits:0
WritingScript:Roman
OutlineFileName:\\cned.org\dg\MAC-Ressources\SupConcours\PAO\CHARTE 2025\Document fonts\SourceCodeVariable-Roman.otf
DataFormat:sfntData
UsesStandardEncoding:yes
isCFF:yes
hasSVG:yes
hasCOLR:no
VariableFontType:CFF2VariableFont
FileLength:198600
FileModTime:1763379763
WeightClass:400
WidthClass:5
AngleClass:0
DesignSize:100
NameArray:0,Mac,4,Source Code Variable
NameArray:0,Win,1,Source Code Variable
%EndFont

%BeginFont
Handler:DirectoryHandler
FontType:TrueType
FontName:Wingdings2
FamilyName:Wingdings 2
StyleName:Regular
FullName:Wingdings 2
MenuName:Wingdings 2
StyleBits:0
WritingScript:Roman
OutlineFileName:\\cned.org\dg\MAC-Ressources\SupConcours\PAO\CHARTE 2025\Document fonts\WINGDNG2.TTF
DataFormat:sfntData
hasSVG:no
hasCOLR:no
VariableFontType:NonVariableFont
FileLength:65788
FileModTime:1763379819
WeightClass:400
WidthClass:5
AngleClass:0
NameArray:0,Mac,4,Wingdings 2
NameArray:0,Win,1,Wingdings 2
%EndFont

%BeginFont
Handler:DirectoryHandler
FontType:TrueType
FontName:TimesNewRomanPSMT
FamilyName:Times New Roman
StyleName:Regular
FullName:Times New Roman
MenuName:Times New Roman
StyleBits:0
WritingScript:Roman
OutlineFileName:\\cned.org\dg\MAC-Ressources\SupConcours\PAO\CHARTE 2025\Document fonts\times.ttf
DataFormat:sfntData
hasSVG:no
hasCOLR:no
VariableFontType:NonVariableFont
FileLength:1201620
FileModTime:1763379795
WeightClass:400
WidthClass:5
AngleClass:0
NameArray:0,Mac,4,Times New Roman
NameArray:0,Win,1,Times New Roman
%EndFont

%BeginFont
Handler:DirectoryHandler
FontType:TrueType
FontName:TimesNewRomanPS-BoldMT
FamilyName:Times New Roman
StyleName:Bold
FullName:Times New Roman Bold
MenuName:Times New Roman
StyleBits:2
WritingScript:Roman
OutlineFileName:\\cned.org\dg\MAC-Ressources\SupConcours\PAO\CHARTE 2025\Document fonts\timesbd.ttf
DataFormat:sfntData
hasSVG:no
hasCOLR:no
VariableFontType:NonVariableFont
FileLength:1180596
FileModTime:1763379806
WeightClass:700
WidthClass:5
AngleClass:0
NameArray:0,Mac,4,Times New Roman Bold
NameArray:0,Win,1,Times New Roman
%EndFont

